#! /opt/homebrew/Cellar/icarus-verilog/12.0/bin/vvp
:ivl_version "12.0 (stable)";
:ivl_delay_selection "TYPICAL";
:vpi_time_precision + 0;
:vpi_module "/opt/homebrew/Cellar/icarus-verilog/12.0/lib/ivl/system.vpi";
:vpi_module "/opt/homebrew/Cellar/icarus-verilog/12.0/lib/ivl/vhdl_sys.vpi";
:vpi_module "/opt/homebrew/Cellar/icarus-verilog/12.0/lib/ivl/vhdl_textio.vpi";
:vpi_module "/opt/homebrew/Cellar/icarus-verilog/12.0/lib/ivl/v2005_math.vpi";
:vpi_module "/opt/homebrew/Cellar/icarus-verilog/12.0/lib/ivl/va_math.vpi";
S_0x105887490 .scope module, "register" "register" 2 6;
 .timescale 0 0;
    .port_info 0 /INPUT 1 "clk";
    .port_info 1 /INPUT 1 "rst";
    .port_info 2 /INPUT 1 "en";
    .port_info 3 /INPUT 8 "data_in";
    .port_info 4 /OUTPUT 8 "data_out";
P_0x105884870 .param/l "BITS" 0 2 7, +C4<00000000000000000000000000001000>;
o0xbee820010 .functor BUFZ 1, C4<z>; HiZ drive
v0x105884460_0 .net "clk", 0 0, o0xbee820010;  0 drivers
o0xbee820040 .functor BUFZ 8, C4<zzzzzzzz>; HiZ drive
v0x1058878e0_0 .net "data_in", 7 0, o0xbee820040;  0 drivers
v0x105887990_0 .var "data_out", 7 0;
o0xbee8200a0 .functor BUFZ 1, C4<z>; HiZ drive
v0x105887a50_0 .net "en", 0 0, o0xbee8200a0;  0 drivers
o0xbee8200d0 .functor BUFZ 1, C4<z>; HiZ drive
v0x105887af0_0 .net "rst", 0 0, o0xbee8200d0;  0 drivers
E_0x105885040 .event posedge, v0x105884460_0;
    .scope S_0x105887490;
T_0 ;
    %wait E_0x105885040;
    %load/vec4 v0x105887af0_0;
    %flag_set/vec4 8;
    %jmp/0xz  T_0.0, 8;
    %pushi/vec4 0, 0, 8;
    %assign/vec4 v0x105887990_0, 0;
    %jmp T_0.1;
T_0.0 ;
    %load/vec4 v0x105887a50_0;
    %flag_set/vec4 8;
    %jmp/0xz  T_0.2, 8;
    %load/vec4 v0x1058878e0_0;
    %assign/vec4 v0x105887990_0, 0;
T_0.2 ;
T_0.1 ;
    %jmp T_0;
    .thread T_0;
# The file index is used to find the file name in the following table.
:file_names 3;
    "N/A";
    "<interactive>";
    "Register8b.v";
