#! /opt/homebrew/Cellar/icarus-verilog/12.0/bin/vvp
:ivl_version "12.0 (stable)";
:ivl_delay_selection "TYPICAL";
:vpi_time_precision + 0;
:vpi_module "/opt/homebrew/Cellar/icarus-verilog/12.0/lib/ivl/system.vpi";
:vpi_module "/opt/homebrew/Cellar/icarus-verilog/12.0/lib/ivl/vhdl_sys.vpi";
:vpi_module "/opt/homebrew/Cellar/icarus-verilog/12.0/lib/ivl/vhdl_textio.vpi";
:vpi_module "/opt/homebrew/Cellar/icarus-verilog/12.0/lib/ivl/v2005_math.vpi";
:vpi_module "/opt/homebrew/Cellar/icarus-verilog/12.0/lib/ivl/va_math.vpi";
:vpi_module "/opt/homebrew/Cellar/icarus-verilog/12.0/lib/ivl/v2009.vpi";
S_0x1035420b0 .scope package, "$unit" "$unit" 2 1;
 .timescale 0 0;
C0x10353fbd0  .class "my_config" [2]
   0: "a_width", "b8"
   1: "d_width", "b32"
 ;
S_0x103542df0 .scope class, "my_config" "my_config" 3 1, 3 1 0, S_0x1035420b0;
 .timescale 0 0;
S_0x103542f70 .scope autofunction.void, "display" "display" 3 10, 3 10 0, S_0x103542df0;
 .timescale 0 0;
v0x103543140_0 .var/cobj "@";
TD_$unit.my_config.display ;
    %load/obj v0x103543140_0;
    %prop/v 0;
    %pop/obj 1, 0;
    %load/obj v0x103543140_0;
    %prop/v 1;
    %pop/obj 1, 0;
    %vpi_call/w 3 11 "$display", "Address Width: %0d, Data Width: %0d", S<1,vec4,u8>, S<0,vec4,u32> {2 0 0};
    %end;
S_0x1035431f0 .scope autofunction.obj, "new" "new" 3 5, 3 5 0, S_0x103542df0;
 .timescale 0 0;
v0x1035433d0_0 .var/cobj "@";
v0x103543470_0 .var/2u "a_width", 7 0;
v0x103543520_0 .var/2u "d_width", 31 0;
TD_$unit.my_config.new ;
    %load/obj v0x1035433d0_0;
    %prop/v 0;
    %pop/obj 1, 0;
    %load/obj v0x1035433d0_0;
    %store/prop/v 0, 8; Store in bool property a_width
    %pop/obj 1, 0;
    %load/obj v0x1035433d0_0;
    %prop/v 1;
    %pop/obj 1, 0;
    %load/obj v0x1035433d0_0;
    %store/prop/v 1, 32; Store in bool property d_width
    %pop/obj 1, 0;
    %end;
S_0x103542230 .scope module, "top" "top" 3 16;
 .timescale 0 0;
v0x1035435c0_0 .var/cobj "config1";
v0x103543660_0 .var/cobj "config2";
    .scope S_0x103542230;
T_2 ;
    %alloc S_0x1035431f0;
    %new/cobj C0x10353fbd0;
    %pushi/vec4 8, 0, 32;
    %pushi/vec4 32, 0, 32;
    %store/vec4 v0x103543520_0, 0, 32;
    %store/vec4 v0x103543470_0, 0, 8;
    %store/obj v0x1035433d0_0;
    %callf/obj TD_$unit.my_config.new, S_0x1035431f0;
    %load/obj v0x1035433d0_0;
    %free S_0x1035431f0;
    %store/obj v0x1035435c0_0;
    %alloc S_0x1035431f0;
    %new/cobj C0x10353fbd0;
    %pushi/vec4 16, 0, 8;
    %pushi/vec4 64, 0, 32;
    %store/vec4 v0x103543520_0, 0, 32;
    %store/vec4 v0x103543470_0, 0, 8;
    %store/obj v0x1035433d0_0;
    %callf/obj TD_$unit.my_config.new, S_0x1035431f0;
    %load/obj v0x1035433d0_0;
    %free S_0x1035431f0;
    %store/obj v0x103543660_0;
    %alloc S_0x103542f70;
    %load/obj v0x1035435c0_0;
    %store/obj v0x103543140_0;
    %callf/void TD_$unit.my_config.display, S_0x103542f70;
    %free S_0x103542f70;
    %alloc S_0x103542f70;
    %load/obj v0x103543660_0;
    %store/obj v0x103543140_0;
    %callf/void TD_$unit.my_config.display, S_0x103542f70;
    %free S_0x103542f70;
    %end;
    .thread T_2;
# The file index is used to find the file name in the following table.
:file_names 4;
    "N/A";
    "<interactive>";
    "-";
    "P1.sv";
